[Sentinel] Running integrity cycle...
[AuditLock] ✅ All tracked files unchanged.
[Sentinel] Logged: verify
[Sentinel] RecoveryDaemon active (2-minute interval).
Traceback (most recent call last):
  File "<stdin>", line 2, in <module>
  File "/Users/ericballhaus/Desktop/astra-intelligence/core/sentinel/sentinel_integration_v2.py", line 29, in continuous_watch
    time.sleep(interval)
    ^^^^
NameError: name 'time' is not defined. Did you forget to import 'time'?
Traceback (most recent call last):
  File "<string>", line 1, in <module>
  File "/Users/ericballhaus/Desktop/astra-intelligence/core/sentinel/sentinel_integration_v2.py", line 29, in continuous_watch
    time.sleep(interval)
    ^^^^
NameError: name 'time' is not defined. Did you forget to import 'time'?
[Sentinel] Running integrity cycle...
[AuditLock] ✅ All tracked files unchanged.
[Sentinel] Logged: verify
[Sentinel] RecoveryDaemon active (2-minute interval).
